ID[program]
ID[int]
ID[X]
ID[Y]
ID[XY]
SEMICOLON
BEGIN
ID[input]
ID[X]
SEMICOLON
ID[Y]
COLON
ASSIGN
CONST[0]
SEMICOLON
ID[EOS]
ID[input]
ID[XY]
COMMA
ID[Y]
SEMICOLON
ID[output]
ID[XY]
SEMICOLON
ID[Y]
COLON
COLON
ASSIGN
ID[Y]
ADD
ID[XY]
SEMICOLON
ID[X]
COLON
ASSIGN
ID[X]
SUBTRACT
CONST[1]
SEMICOLON
ID[while]

ERROR: ! <- Not Valid Symbol in Language